#
# There is insufficient memory for the Java Runtime Environment to continue.
# Native memory allocation (malloc) failed to allocate 1048576 bytes. Error detail: AllocateHeap
# Possible reasons:
#   The system is out of physical RAM or swap space
#   This process is running with CompressedOops enabled, and the Java Heap may be blocking the growth of the native heap
# Possible solutions:
#   Reduce memory load on the system
#   Increase physical memory or swap space
#   Check if swap backing store is full
#   Decrease Java heap size (-Xmx/-Xms)
#   Decrease number of Java threads
#   Decrease Java thread stack sizes (-Xss)
#   Set larger code cache with -XX:ReservedCodeCacheSize=
#   JVM is running with Zero Based Compressed Oops mode in which the Java heap is
#     placed in the first 32GB address space. The Java Heap base address is the
#     maximum limit for the native heap growth. Please use -XX:HeapBaseMinAddress
#     to set the Java Heap base and to place the Java Heap above 32GB virtual address.
# This output file may be truncated or incomplete.
#
#  Out of Memory Error (allocation.cpp:44), pid=12996, tid=26804
#
# JRE version: OpenJDK Runtime Environment Temurin-21.0.12.1+1 (21.0.12.1+1) (build 21.0.12.1+1-LTS)
# Java VM: OpenJDK 64-Bit Server VM Temurin-21.0.12.1+1 (21.0.12.1+1-LTS, mixed mode, sharing, tiered, compressed oops, compressed class ptrs, parallel gc, windows-amd64)
# No core dump will be written. Minidumps are not enabled by default on client versions of Windows
#

---------------  S U M M A R Y ------------

Command Line: --add-modules=ALL-SYSTEM --add-opens=java.base/java.util=ALL-UNNAMED --add-opens=java.base/java.lang=ALL-UNNAMED --add-opens=java.base/sun.nio.fs=ALL-UNNAMED -Declipse.application=org.eclipse.jdt.ls.core.id1 -Dosgi.bundles.defaultStartLevel=4 -Declipse.product=org.eclipse.jdt.ls.core.product -Djava.import.generatesMetadataFilesAtProjectRoot=false -Dm2e.project.cache.size=50 -DDetectVMInstallationsJob.disabled=true -Dfile.encoding=utf8 -XX:+UseParallelGC -XX:GCTimeRatio=4 -XX:AdaptiveSizePolicyWeight=90 -Dsun.zip.disableMemoryMapping=true -Xmx4G -Xms100m -Xlog:disable -javaagent:c:\Users\Lenovo\.vscode\extensions\redhat.java-1.56.0-win32-x64\lombok\lombok-1.18.39-4050.jar -XX:+HeapDumpOnOutOfMemoryError -XX:HeapDumpPath=c:\Users\Lenovo\AppData\Roaming\Code\User\workspaceStorage\8a207a3003c24e2dc76085cb68e18ef0\redhat.java -Daether.dependencyCollector.impl=bf c:\Users\Lenovo\.vscode\extensions\redhat.java-1.56.0-win32-x64\server\plugins\org.eclipse.equinox.launcher_1.8.0.v20260804-1928.jar -configuration c:\Users\Lenovo\AppData\Roaming\Code\User\globalStorage\redhat.java\1.56.0\config_win -data c:\Users\Lenovo\AppData\Roaming\Code\User\workspaceStorage\8a207a3003c24e2dc76085cb68e18ef0\redhat.java\jdt_ws --stdio

Host: 12th Gen Intel(R) Core(TM) i5-12450HX, 12 cores, 11G,  Windows 11 , 64 bit Build 26100 (10.0.26100.9444)
Time: Wed Sep 16 19:14:25 2026 SE Asia Standard Time elapsed time: 1829.133760 seconds (0d 0h 30m 29s)

---------------  T H R E A D  ---------------

Current thread (0x00000216891e6680):  JavaThread "Attach Listener" daemon [_thread_in_vm, id=26804, stack(0x0000004214e00000,0x0000004214f00000) (1024K)]

Stack: [0x0000004214e00000,0x0000004214f00000]
Native frames: (J=compiled Java code, j=interpreted, Vv=VM code, C=native code)
V  [jvm.dll+0x6d83e9]
V  [jvm.dll+0x8b5736]
V  [jvm.dll+0x8b7cee]
V  [jvm.dll+0x8b83d3]
V  [jvm.dll+0x284596]
V  [jvm.dll+0xc13c7]
V  [jvm.dll+0x6d8c99]
V  [jvm.dll+0x133616]
V  [jvm.dll+0x3f8aae]
V  [jvm.dll+0x8600cd]
V  [jvm.dll+0x6d6c1d]
C  [ucrtbase.dll+0x2cd30]
C  [KERNEL32.DLL+0x2cd87]
C  [ntdll.dll+0xacaec]


---------------  P R O C E S S  ---------------

Threads class SMR info:
_java_thread_list=0x00000216ec53ea70, length=30, elements={
0x0000021689139e10, 0x00000216a454e0f0, 0x00000216891e24a0, 0x00000216891e5a20,
0x00000216891e6680, 0x00000216891e72e0, 0x00000216891e9d50, 0x00000216891ecba0,
0x00000216e6aee220, 0x00000216e6cd54f0, 0x00000216e6dffb60, 0x00000216ec79f020,
0x00000216ec8489f0, 0x00000216ec768b70, 0x00000216ec7695e0, 0x00000216ed056e10,
0x00000216ecfaf0a0, 0x00000216ecdfcff0, 0x00000216ec9a94a0, 0x00000216ecff35a0,
0x00000216eec9b7d0, 0x00000216eec9be60, 0x00000216eec9b140, 0x00000216f0b09940,
0x00000216ee606fc0, 0x00000216ee5899b0, 0x00000216ee58c110, 0x00000216ee58ba80,
0x00000216ee58db50, 0x00000216ee586bc0
}

Java Threads: ( => current thread )
  0x0000021689139e10 JavaThread "main"                              [_thread_blocked, id=412, stack(0x0000004214700000,0x0000004214800000) (1024K)]
  0x00000216a454e0f0 JavaThread "Reference Handler"          daemon [_thread_blocked, id=25172, stack(0x0000004214b00000,0x0000004214c00000) (1024K)]
  0x00000216891e24a0 JavaThread "Finalizer"                  daemon [_thread_blocked, id=29516, stack(0x0000004214c00000,0x0000004214d00000) (1024K)]
  0x00000216891e5a20 JavaThread "Signal Dispatcher"          daemon [_thread_blocked, id=29428, stack(0x0000004214d00000,0x0000004214e00000) (1024K)]
=>0x00000216891e6680 JavaThread "Attach Listener"            daemon [_thread_in_vm, id=26804, stack(0x0000004214e00000,0x0000004214f00000) (1024K)]
  0x00000216891e72e0 JavaThread "Service Thread"             daemon [_thread_blocked, id=16052, stack(0x0000004214f00000,0x0000004215000000) (1024K)]
  0x00000216891e9d50 JavaThread "Monitor Deflation Thread"   daemon [_thread_blocked, id=23544, stack(0x0000004215000000,0x0000004215100000) (1024K)]
  0x00000216891ecba0 JavaThread "C2 CompilerThread0"         daemon [_thread_blocked, id=24908, stack(0x0000004215100000,0x0000004215200000) (1024K)]
  0x00000216e6aee220 JavaThread "C1 CompilerThread0"         daemon [_thread_blocked, id=22688, stack(0x0000004215200000,0x0000004215300000) (1024K)]
  0x00000216e6cd54f0 JavaThread "Common-Cleaner"             daemon [_thread_blocked, id=29612, stack(0x0000004215400000,0x0000004215500000) (1024K)]
  0x00000216e6dffb60 JavaThread "Notification Thread"        daemon [_thread_blocked, id=28472, stack(0x0000004215300000,0x0000004215400000) (1024K)]
  0x00000216ec79f020 JavaThread "Active Thread: Equinox Container: f2dc84e3-40e7-423f-8111-499ec8634cc9"        [_thread_blocked, id=19212, stack(0x0000004215c00000,0x0000004215d00000) (1024K)]
  0x00000216ec8489f0 JavaThread "Refresh Thread: Equinox Container: f2dc84e3-40e7-423f-8111-499ec8634cc9" daemon [_thread_blocked, id=13568, stack(0x0000004215d00000,0x0000004215e00000) (1024K)]
  0x00000216ec768b70 JavaThread "Framework Event Dispatcher: Equinox Container: f2dc84e3-40e7-423f-8111-499ec8634cc9" daemon [_thread_blocked, id=26948, stack(0x0000004215e00000,0x0000004215f00000) (1024K)]
  0x00000216ec7695e0 JavaThread "Start Level: Equinox Container: f2dc84e3-40e7-423f-8111-499ec8634cc9" daemon [_thread_blocked, id=29448, stack(0x0000004215f00000,0x0000004216000000) (1024K)]
  0x00000216ed056e10 JavaThread "Bundle File Closer"         daemon [_thread_blocked, id=3220, stack(0x0000004216400000,0x0000004216500000) (1024K)]
  0x00000216ecfaf0a0 JavaThread "SCR Component Actor"        daemon [_thread_blocked, id=26392, stack(0x0000004216000000,0x0000004216100000) (1024K)]
  0x00000216ecdfcff0 JavaThread "Worker-JM"                         [_thread_blocked, id=21176, stack(0x0000004216100000,0x0000004216200000) (1024K)]
  0x00000216ec9a94a0 JavaThread "JNA Cleaner"                daemon [_thread_blocked, id=24996, stack(0x0000004216500000,0x0000004216600000) (1024K)]
  0x00000216ecff35a0 JavaThread "Java indexing"              daemon [_thread_blocked, id=20780, stack(0x0000004216a00000,0x0000004216b00000) (1024K)]
  0x00000216eec9b7d0 JavaThread "pool-2-thread-1"                   [_thread_blocked, id=640, stack(0x0000004217000000,0x0000004217100000) (1024K)]
  0x00000216eec9be60 JavaThread "WorkspaceEventsHandler"            [_thread_blocked, id=752, stack(0x0000004217200000,0x0000004217300000) (1024K)]
  0x00000216eec9b140 JavaThread "pool-1-thread-1"                   [_thread_in_native, id=12948, stack(0x0000004217300000,0x0000004217400000) (1024K)]
  0x00000216f0b09940 JavaThread "Cleaner-0"                  daemon [_thread_blocked, id=7524, stack(0x0000004217d00000,0x0000004217e00000) (1024K)]
  0x00000216ee606fc0 JavaThread "Worker-13"                         [_thread_blocked, id=26568, stack(0x0000004214600000,0x0000004214700000) (1024K)]
  0x00000216ee5899b0 JavaThread "PatternSearchJob-worker-3"  daemon [_thread_blocked, id=21992, stack(0x0000004216f00000,0x0000004217000000) (1024K)]
  0x00000216ee58c110 JavaThread "ForkJoinPool.commonPool-worker-16" daemon [_thread_blocked, id=22144, stack(0x0000004217b00000,0x0000004217c00000) (1024K)]
  0x00000216ee58ba80 JavaThread "ForkJoinPool.commonPool-worker-17" daemon [_thread_blocked, id=6908, stack(0x0000004217c00000,0x0000004217d00000) (1024K)]
  0x00000216ee58db50 JavaThread "Worker-14"                         [_thread_blocked, id=3588, stack(0x0000004214500000,0x0000004214600000) (1024K)]
  0x00000216ee586bc0 JavaThread "Worker-16"                         [_thread_blocked, id=26540, stack(0x0000004214400000,0x0000004214500000) (1024K)]
Total: 30

Other Threads:
  0x00000216e6ac0d70 VMThread "VM Thread"                           [id=25160, stack(0x0000004214a00000,0x0000004214b00000) (1024K)]
  0x00000216a442ca00 WatcherThread "VM Periodic Task Thread"        [id=28512, stack(0x0000004214900000,0x0000004214a00000) (1024K)]
  0x0000021689158f80 WorkerThread "GC Thread#0"                     [id=28744, stack(0x0000004214800000,0x0000004214900000) (1024K)]
  0x00000216e6e4c260 WorkerThread "GC Thread#1"                     [id=25620, stack(0x0000004215600000,0x0000004215700000) (1024K)]
  0x00000216ec38b140 WorkerThread "GC Thread#2"                     [id=3352, stack(0x0000004215700000,0x0000004215800000) (1024K)]
  0x00000216ec38b4f0 WorkerThread "GC Thread#3"                     [id=13080, stack(0x0000004215800000,0x0000004215900000) (1024K)]
  0x00000216ec38b8a0 WorkerThread "GC Thread#4"                     [id=29276, stack(0x0000004215900000,0x0000004215a00000) (1024K)]
  0x00000216e6e4abe0 WorkerThread "GC Thread#5"                     [id=28344, stack(0x0000004215a00000,0x0000004215b00000) (1024K)]
  0x00000216e6e4af90 WorkerThread "GC Thread#6"                     [id=25472, stack(0x0000004215b00000,0x0000004215c00000) (1024K)]
  0x00000216ec87bb80 WorkerThread "GC Thread#7"                     [id=21748, stack(0x0000004215500000,0x0000004215600000) (1024K)]
  0x00000216ec727cb0 WorkerThread "GC Thread#8"                     [id=28984, stack(0x0000004216200000,0x0000004216300000) (1024K)]
  0x00000216ec728060 WorkerThread "GC Thread#9"                     [id=28504, stack(0x0000004216300000,0x0000004216400000) (1024K)]
Total: 12

Threads with active compile tasks:
Total: 0

VM state: not at safepoint (normal execution)

VM Mutex/Monitor currently owned by a thread: None

Heap address: 0x0000000700000000, size: 4096 MB, Compressed Oops mode: Zero based, Oop shift amount: 3

CDS archive(s) mapped at: [0x00000216a5000000-0x00000216a5ba0000-0x00000216a5ba0000), size 12189696, SharedBaseAddress: 0x00000216a5000000, ArchiveRelocationMode: 1.
Compressed class space mapped at: 0x00000216a6000000-0x00000216e6000000, reserved size: 1073741824
Narrow klass base: 0x00000216a5000000, Narrow klass shift: 0, Narrow klass range: 0x100000000

GC Precious Log:
 CardTable entry size: 512
 CPUs: 12 total, 12 available
 Memory: 11995M
 Large Page Support: Disabled
 NUMA Support: Disabled
 Compressed Oops: Enabled (Zero based)
 Alignments: Space 512K, Generation 512K, Heap 2M
 Heap Min Capacity: 100M
 Heap Initial Capacity: 100M
 Heap Max Capacity: 4G
 Pre-touch: Disabled
 Parallel Workers: 10

Heap:
 PSYoungGen      total 2048K, used 1233K [0x00000007aab00000, 0x00000007aae00000, 0x0000000800000000)
  eden space 1536K, 59% used [0x00000007aab00000,0x00000007aabe45b8,0x00000007aac80000)
  from space 512K, 62% used [0x00000007aad80000,0x00000007aadd0000,0x00000007aae00000)
  to   space 512K, 0% used [0x00000007aad00000,0x00000007aad00000,0x00000007aad80000)
 ParOldGen       total 600064K, used 133739K [0x0000000700000000, 0x0000000724a00000, 0x00000007aab00000)
  object space 600064K, 22% used [0x0000000700000000,0x000000070829ac20,0x0000000724a00000)
 Metaspace       used 84917K, committed 86656K, reserved 1179648K
  class space    used 8463K, committed 9280K, reserved 1048576K

Card table byte_map: [0x000002169b340000,0x000002169bb50000] _byte_map_base: 0x0000021697b40000

Marking Bits: (ParMarkBitMap*) 0x00007ffda9ed44a0
 Begin Bits: [0x000002169bb50000, 0x000002169fb50000)
 End Bits:   [0x000002169fb50000, 0x00000216a3b50000)

Polling page: 0x0000021686ee0000

Metaspace:

Usage:
  Non-class:     74.66 MB used.
      Class:      8.27 MB used.
       Both:     82.93 MB used.

Virtual space:
  Non-class space:      128.00 MB reserved,      75.56 MB ( 59%) committed,  2 nodes.
      Class space:        1.00 GB reserved,       9.06 MB ( <1%) committed,  1 nodes.
             Both:        1.12 GB reserved,      84.62 MB (  7%) committed. 

Chunk freelists:
   Non-Class:  3.60 MB
       Class:  6.98 MB
        Both:  10.58 MB

MaxMetaspaceSize: unlimited
CompressedClassSpaceSize: 1.00 GB
Initial GC threshold: 21.00 MB
Current GC threshold: 139.62 MB
CDS: on
 - commit_granule_bytes: 65536.
 - commit_granule_words: 8192.
 - virtual_space_node_default_size: 8388608.
 - enlarge_chunks_in_place: 1.
 - use_allocation_guard: 0.


Internal statistics:

num_allocs_failed_limit: 9.
num_arena_births: 1664.
num_arena_deaths: 18.
num_vsnodes_births: 3.
num_vsnodes_deaths: 0.
num_space_committed: 1354.
num_space_uncommitted: 0.
num_chunks_returned_to_freelist: 29.
num_chunks_taken_from_freelist: 5863.
num_chunk_merges: 10.
num_chunk_splits: 3462.
num_chunks_enlarged: 1792.
num_inconsistent_stats: 0.

CodeHeap 'non-profiled nmethods': size=120000Kb used=20561Kb max_used=21348Kb free=99438Kb
 bounds [0x0000021693e10000, 0x00000216952f0000, 0x000002169b340000]
CodeHeap 'profiled nmethods': size=120000Kb used=44440Kb max_used=50407Kb free=75559Kb
 bounds [0x000002168c340000, 0x000002168f480000, 0x0000021693870000]
CodeHeap 'non-nmethods': size=5760Kb used=1505Kb max_used=1571Kb free=4254Kb
 bounds [0x0000021693870000, 0x0000021693ae0000, 0x0000021693e10000]
CodeCache: size=245760Kb, used=66506Kb, max_used=73326Kb, free=179251Kb
 total_blobs=19184, nmethods=18358, adapters=728, full_count=0
Compilation: enabled, stopped_count=0, restarted_count=0

Compilation events (20 events):
Event: 1783.669 Thread 0x00000216891ecba0 22233       4       org.eclipse.core.internal.events.ResourceDelta::fixMovesAndMarkers (350 bytes)
Event: 1783.670 Thread 0x00000216e6aee220 22235       3       org.eclipse.core.internal.events.BuildCommand::setArguments (21 bytes)
Event: 1783.671 Thread 0x00000216e6aee220 nmethod 22235 0x000002168d70e990 code [0x000002168d70eb60, 0x000002168d70eec0]
Event: 1783.673 Thread 0x00000216e6aee220 22236   !   3       org.eclipse.core.internal.filebuffers.SynchronizableDocument::getModificationStamp (28 bytes)
Event: 1783.674 Thread 0x00000216e6aee220 nmethod 22236 0x000002168d774110 code [0x000002168d7742c0, 0x000002168d774658]
Event: 1783.674 Thread 0x00000216e6aee220 22237   !   3       org.eclipse.core.internal.filebuffers.SynchronizableDocument::updateDocumentStructures (33 bytes)
Event: 1783.675 Thread 0x00000216e6aee220 nmethod 22237 0x000002168d77f510 code [0x000002168d77f6e0, 0x000002168d77fac0]
Event: 1783.675 Thread 0x00000216e6aee220 22238   !   3       org.eclipse.core.internal.filebuffers.SynchronizableDocument::getPositions (30 bytes)
Event: 1783.676 Thread 0x00000216e6aee220 nmethod 22238 0x000002168d84a110 code [0x000002168d84a2e0, 0x000002168d84a6b8]
Event: 1783.688 Thread 0x00000216891ecba0 nmethod 22233 0x000002169446ee90 code [0x000002169446f0e0, 0x000002169446fb58]
Event: 1783.688 Thread 0x00000216891ecba0 22234       4       org.eclipse.core.internal.events.ResourceDelta::checkForMarkerDeltas (95 bytes)
Event: 1783.691 Thread 0x00000216891ecba0 nmethod 22234 0x000002169438c910 code [0x000002169438cae0, 0x000002169438cd60]
Event: 1802.022 Thread 0x00000216e6aee220 22240   !   3       java.util.concurrent.ScheduledThreadPoolExecutor$DelayedWorkQueue::take (203 bytes)
Event: 1802.030 Thread 0x00000216e6aee220 nmethod 22240 0x000002168d2d0490 code [0x000002168d2d0860, 0x000002168d2d2168]
Event: 1802.030 Thread 0x00000216e6aee220 22239       3       java.util.concurrent.ScheduledThreadPoolExecutor$DelayedWorkQueue::take (5 bytes)
Event: 1802.031 Thread 0x00000216e6aee220 nmethod 22239 0x000002168cc7c210 code [0x000002168cc7c3c0, 0x000002168cc7c518]
Event: 1808.065 Thread 0x00000216e6aee220 22241       3       java.util.concurrent.ScheduledThreadPoolExecutor::triggerTime (22 bytes)
Event: 1808.066 Thread 0x00000216e6aee220 nmethod 22241 0x000002168c97e410 code [0x000002168c97e5c0, 0x000002168c97e7a0]
Event: 1808.066 Thread 0x00000216e6aee220 22242       3       java.util.concurrent.ScheduledThreadPoolExecutor$DelayedWorkQueue::add (9 bytes)
Event: 1808.068 Thread 0x00000216e6aee220 nmethod 22242 0x000002168d393e10 code [0x000002168d393fe0, 0x000002168d3942b8]

GC Heap History (20 events):
Event: 1622.897 GC heap before
{Heap before GC invocations=1700 (full 5):
 PSYoungGen      total 2048K, used 1952K [0x00000007aab00000, 0x00000007aae00000, 0x0000000800000000)
  eden space 1536K, 100% used [0x00000007aab00000,0x00000007aac80000,0x00000007aac80000)
  from space 512K, 81% used [0x00000007aad80000,0x00000007aade8000,0x00000007aae00000)
  to   space 512K, 0% used [0x00000007aad00000,0x00000007aad00000,0x00000007aad80000)
 ParOldGen       total 600064K, used 131124K [0x0000000700000000, 0x0000000724a00000, 0x00000007aab00000)
  object space 600064K, 21% used [0x0000000700000000,0x000000070800d308,0x0000000724a00000)
 Metaspace       used 84876K, committed 86656K, reserved 1179648K
  class space    used 8463K, committed 9280K, reserved 1048576K
}
Event: 1622.900 GC heap after
{Heap after GC invocations=1700 (full 5):
 PSYoungGen      total 2048K, used 512K [0x00000007aab00000, 0x00000007aae80000, 0x0000000800000000)
  eden space 1536K, 0% used [0x00000007aab00000,0x00000007aab00000,0x00000007aac80000)
  from space 512K, 100% used [0x00000007aad00000,0x00000007aad80000,0x00000007aad80000)
  to   space 1024K, 0% used [0x00000007aad80000,0x00000007aad80000,0x00000007aae80000)
 ParOldGen       total 600064K, used 131316K [0x0000000700000000, 0x0000000724a00000, 0x00000007aab00000)
  object space 600064K, 21% used [0x0000000700000000,0x000000070803d338,0x0000000724a00000)
 Metaspace       used 84876K, committed 86656K, reserved 1179648K
  class space    used 8463K, committed 9280K, reserved 1048576K
}
Event: 1622.907 GC heap before
{Heap before GC invocations=1701 (full 5):
 PSYoungGen      total 2048K, used 2048K [0x00000007aab00000, 0x00000007aae80000, 0x0000000800000000)
  eden space 1536K, 100% used [0x00000007aab00000,0x00000007aac80000,0x00000007aac80000)
  from space 512K, 100% used [0x00000007aad00000,0x00000007aad80000,0x00000007aad80000)
  to   space 1024K, 0% used [0x00000007aad80000,0x00000007aad80000,0x00000007aae80000)
 ParOldGen       total 600064K, used 131316K [0x0000000700000000, 0x0000000724a00000, 0x00000007aab00000)
  object space 600064K, 21% used [0x0000000700000000,0x000000070803d338,0x0000000724a00000)
 Metaspace       used 84876K, committed 86656K, reserved 1179648K
  class space    used 8463K, committed 9280K, reserved 1048576K
}
Event: 1622.910 GC heap after
{Heap after GC invocations=1701 (full 5):
 PSYoungGen      total 2560K, used 560K [0x00000007aab00000, 0x00000007aae80000, 0x0000000800000000)
  eden space 1536K, 0% used [0x00000007aab00000,0x00000007aab00000,0x00000007aac80000)
  from space 1024K, 54% used [0x00000007aad80000,0x00000007aae0c030,0x00000007aae80000)
  to   space 1024K, 0% used [0x00000007aac80000,0x00000007aac80000,0x00000007aad80000)
 ParOldGen       total 600064K, used 131736K [0x0000000700000000, 0x0000000724a00000, 0x00000007aab00000)
  object space 600064K, 21% used [0x0000000700000000,0x00000007080a6358,0x0000000724a00000)
 Metaspace       used 84876K, committed 86656K, reserved 1179648K
  class space    used 8463K, committed 9280K, reserved 1048576K
}
Event: 1622.917 GC heap before
{Heap before GC invocations=1702 (full 5):
 PSYoungGen      total 2560K, used 2096K [0x00000007aab00000, 0x00000007aae80000, 0x0000000800000000)
  eden space 1536K, 100% used [0x00000007aab00000,0x00000007aac80000,0x00000007aac80000)
  from space 1024K, 54% used [0x00000007aad80000,0x00000007aae0c030,0x00000007aae80000)
  to   space 1024K, 0% used [0x00000007aac80000,0x00000007aac80000,0x00000007aad80000)
 ParOldGen       total 600064K, used 131736K [0x0000000700000000, 0x0000000724a00000, 0x00000007aab00000)
  object space 600064K, 21% used [0x0000000700000000,0x00000007080a6358,0x0000000724a00000)
 Metaspace       used 84876K, committed 86656K, reserved 1179648K
  class space    used 8463K, committed 9280K, reserved 1048576K
}
Event: 1622.919 GC heap after
{Heap after GC invocations=1702 (full 5):
 PSYoungGen      total 2560K, used 448K [0x00000007aab00000, 0x00000007aae00000, 0x0000000800000000)
  eden space 1536K, 0% used [0x00000007aab00000,0x00000007aab00000,0x00000007aac80000)
  from space 1024K, 43% used [0x00000007aac80000,0x00000007aacf0000,0x00000007aad80000)
  to   space 512K, 0% used [0x00000007aad80000,0x00000007aad80000,0x00000007aae00000)
 ParOldGen       total 600064K, used 132262K [0x0000000700000000, 0x0000000724a00000, 0x00000007aab00000)
  object space 600064K, 22% used [0x0000000700000000,0x0000000708129ba0,0x0000000724a00000)
 Metaspace       used 84876K, committed 86656K, reserved 1179648K
  class space    used 8463K, committed 9280K, reserved 1048576K
}
Event: 1622.924 GC heap before
{Heap before GC invocations=1703 (full 5):
 PSYoungGen      total 2560K, used 1984K [0x00000007aab00000, 0x00000007aae00000, 0x0000000800000000)
  eden space 1536K, 100% used [0x00000007aab00000,0x00000007aac80000,0x00000007aac80000)
  from space 1024K, 43% used [0x00000007aac80000,0x00000007aacf0000,0x00000007aad80000)
  to   space 512K, 0% used [0x00000007aad80000,0x00000007aad80000,0x00000007aae00000)
 ParOldGen       total 600064K, used 132262K [0x0000000700000000, 0x0000000724a00000, 0x00000007aab00000)
  object space 600064K, 22% used [0x0000000700000000,0x0000000708129ba0,0x0000000724a00000)
 Metaspace       used 84876K, committed 86656K, reserved 1179648K
  class space    used 8463K, committed 9280K, reserved 1048576K
}
Event: 1622.925 GC heap after
{Heap after GC invocations=1703 (full 5):
 PSYoungGen      total 2048K, used 352K [0x00000007aab00000, 0x00000007aae00000, 0x0000000800000000)
  eden space 1536K, 0% used [0x00000007aab00000,0x00000007aab00000,0x00000007aac80000)
  from space 512K, 68% used [0x00000007aad80000,0x00000007aadd8000,0x00000007aae00000)
  to   space 512K, 0% used [0x00000007aad00000,0x00000007aad00000,0x00000007aad80000)
 ParOldGen       total 600064K, used 132546K [0x0000000700000000, 0x0000000724a00000, 0x00000007aab00000)
  object space 600064K, 22% used [0x0000000700000000,0x0000000708170bb0,0x0000000724a00000)
 Metaspace       used 84876K, committed 86656K, reserved 1179648K
  class space    used 8463K, committed 9280K, reserved 1048576K
}
Event: 1622.975 GC heap before
{Heap before GC invocations=1704 (full 5):
 PSYoungGen      total 2048K, used 1888K [0x00000007aab00000, 0x00000007aae00000, 0x0000000800000000)
  eden space 1536K, 100% used [0x00000007aab00000,0x00000007aac80000,0x00000007aac80000)
  from space 512K, 68% used [0x00000007aad80000,0x00000007aadd8000,0x00000007aae00000)
  to   space 512K, 0% used [0x00000007aad00000,0x00000007aad00000,0x00000007aad80000)
 ParOldGen       total 600064K, used 132546K [0x0000000700000000, 0x0000000724a00000, 0x00000007aab00000)
  object space 600064K, 22% used [0x0000000700000000,0x0000000708170bb0,0x0000000724a00000)
 Metaspace       used 84876K, committed 86656K, reserved 1179648K
  class space    used 8463K, committed 9280K, reserved 1048576K
}
Event: 1622.978 GC heap after
{Heap after GC invocations=1704 (full 5):
 PSYoungGen      total 2048K, used 512K [0x00000007aab00000, 0x00000007aae80000, 0x0000000800000000)
  eden space 1536K, 0% used [0x00000007aab00000,0x00000007aab00000,0x00000007aac80000)
  from space 512K, 100% used [0x00000007aad00000,0x00000007aad80000,0x00000007aad80000)
  to   space 1024K, 0% used [0x00000007aad80000,0x00000007aad80000,0x00000007aae80000)
 ParOldGen       total 600064K, used 132746K [0x0000000700000000, 0x0000000724a00000, 0x00000007aab00000)
  object space 600064K, 22% used [0x0000000700000000,0x00000007081a2bd0,0x0000000724a00000)
 Metaspace       used 84876K, committed 86656K, reserved 1179648K
  class space    used 8463K, committed 9280K, reserved 1048576K
}
Event: 1718.304 GC heap before
{Heap before GC invocations=1705 (full 5):
 PSYoungGen      total 2048K, used 2048K [0x00000007aab00000, 0x00000007aae80000, 0x0000000800000000)
  eden space 1536K, 100% used [0x00000007aab00000,0x00000007aac80000,0x00000007aac80000)
  from space 512K, 100% used [0x00000007aad00000,0x00000007aad80000,0x00000007aad80000)
  to   space 1024K, 0% used [0x00000007aad80000,0x00000007aad80000,0x00000007aae80000)
 ParOldGen       total 600064K, used 132746K [0x0000000700000000, 0x0000000724a00000, 0x00000007aab00000)
  object space 600064K, 22% used [0x0000000700000000,0x00000007081a2bd0,0x0000000724a00000)
 Metaspace       used 84880K, committed 86656K, reserved 1179648K
  class space    used 8463K, committed 9280K, reserved 1048576K
}
Event: 1718.308 GC heap after
{Heap after GC invocations=1705 (full 5):
 PSYoungGen      total 2560K, used 448K [0x00000007aab00000, 0x00000007aae80000, 0x0000000800000000)
  eden space 1536K, 0% used [0x00000007aab00000,0x00000007aab00000,0x00000007aac80000)
  from space 1024K, 43% used [0x00000007aad80000,0x00000007aadf0000,0x00000007aae80000)
  to   space 1024K, 0% used [0x00000007aac80000,0x00000007aac80000,0x00000007aad80000)
 ParOldGen       total 600064K, used 133170K [0x0000000700000000, 0x0000000724a00000, 0x00000007aab00000)
  object space 600064K, 22% used [0x0000000700000000,0x000000070820cbf0,0x0000000724a00000)
 Metaspace       used 84880K, committed 86656K, reserved 1179648K
  class space    used 8463K, committed 9280K, reserved 1048576K
}
Event: 1783.071 GC heap before
{Heap before GC invocations=1706 (full 5):
 PSYoungGen      total 2560K, used 1984K [0x00000007aab00000, 0x00000007aae80000, 0x0000000800000000)
  eden space 1536K, 100% used [0x00000007aab00000,0x00000007aac80000,0x00000007aac80000)
  from space 1024K, 43% used [0x00000007aad80000,0x00000007aadf0000,0x00000007aae80000)
  to   space 1024K, 0% used [0x00000007aac80000,0x00000007aac80000,0x00000007aad80000)
 ParOldGen       total 600064K, used 133170K [0x0000000700000000, 0x0000000724a00000, 0x00000007aab00000)
  object space 600064K, 22% used [0x0000000700000000,0x000000070820cbf0,0x0000000724a00000)
 Metaspace       used 84905K, committed 86656K, reserved 1179648K
  class space    used 8463K, committed 9280K, reserved 1048576K
}
Event: 1783.073 GC heap after
{Heap after GC invocations=1706 (full 5):
 PSYoungGen      total 2560K, used 288K [0x00000007aab00000, 0x00000007aae00000, 0x0000000800000000)
  eden space 1536K, 0% used [0x00000007aab00000,0x00000007aab00000,0x00000007aac80000)
  from space 1024K, 28% used [0x00000007aac80000,0x00000007aacc8000,0x00000007aad80000)
  to   space 512K, 0% used [0x00000007aad80000,0x00000007aad80000,0x00000007aae00000)
 ParOldGen       total 600064K, used 133507K [0x0000000700000000, 0x0000000724a00000, 0x00000007aab00000)
  object space 600064K, 22% used [0x0000000700000000,0x0000000708260c00,0x0000000724a00000)
 Metaspace       used 84905K, committed 86656K, reserved 1179648K
  class space    used 8463K, committed 9280K, reserved 1048576K
}
Event: 1783.319 GC heap before
{Heap before GC invocations=1707 (full 5):
 PSYoungGen      total 2560K, used 1824K [0x00000007aab00000, 0x00000007aae00000, 0x0000000800000000)
  eden space 1536K, 100% used [0x00000007aab00000,0x00000007aac80000,0x00000007aac80000)
  from space 1024K, 28% used [0x00000007aac80000,0x00000007aacc8000,0x00000007aad80000)
  to   space 512K, 0% used [0x00000007aad80000,0x00000007aad80000,0x00000007aae00000)
 ParOldGen       total 600064K, used 133507K [0x0000000700000000, 0x0000000724a00000, 0x00000007aab00000)
  object space 600064K, 22% used [0x0000000700000000,0x0000000708260c00,0x0000000724a00000)
 Metaspace       used 84905K, committed 86656K, reserved 1179648K
  class space    used 8463K, committed 9280K, reserved 1048576K
}
Event: 1783.322 GC heap after
{Heap after GC invocations=1707 (full 5):
 PSYoungGen      total 2048K, used 352K [0x00000007aab00000, 0x00000007aae00000, 0x0000000800000000)
  eden space 1536K, 0% used [0x00000007aab00000,0x00000007aab00000,0x00000007aac80000)
  from space 512K, 68% used [0x00000007aad80000,0x00000007aadd8000,0x00000007aae00000)
  to   space 512K, 0% used [0x00000007aad00000,0x00000007aad00000,0x00000007aad80000)
 ParOldGen       total 600064K, used 133571K [0x0000000700000000, 0x0000000724a00000, 0x00000007aab00000)
  object space 600064K, 22% used [0x0000000700000000,0x0000000708270c00,0x0000000724a00000)
 Metaspace       used 84905K, committed 86656K, reserved 1179648K
  class space    used 8463K, committed 9280K, reserved 1048576K
}
Event: 1783.450 GC heap before
{Heap before GC invocations=1708 (full 5):
 PSYoungGen      total 2048K, used 1888K [0x00000007aab00000, 0x00000007aae00000, 0x0000000800000000)
  eden space 1536K, 100% used [0x00000007aab00000,0x00000007aac80000,0x00000007aac80000)
  from space 512K, 68% used [0x00000007aad80000,0x00000007aadd8000,0x00000007aae00000)
  to   space 512K, 0% used [0x00000007aad00000,0x00000007aad00000,0x00000007aad80000)
 ParOldGen       total 600064K, used 133571K [0x0000000700000000, 0x0000000724a00000, 0x00000007aab00000)
  object space 600064K, 22% used [0x0000000700000000,0x0000000708270c00,0x0000000724a00000)
 Metaspace       used 84907K, committed 86656K, reserved 1179648K
  class space    used 8463K, committed 9280K, reserved 1048576K
}
Event: 1783.452 GC heap after
{Heap after GC invocations=1708 (full 5):
 PSYoungGen      total 2048K, used 256K [0x00000007aab00000, 0x00000007aae00000, 0x0000000800000000)
  eden space 1536K, 0% used [0x00000007aab00000,0x00000007aab00000,0x00000007aac80000)
  from space 512K, 50% used [0x00000007aad00000,0x00000007aad40000,0x00000007aad80000)
  to   space 512K, 0% used [0x00000007aad80000,0x00000007aad80000,0x00000007aae00000)
 ParOldGen       total 600064K, used 133691K [0x0000000700000000, 0x0000000724a00000, 0x00000007aab00000)
  object space 600064K, 22% used [0x0000000700000000,0x000000070828ec20,0x0000000724a00000)
 Metaspace       used 84907K, committed 86656K, reserved 1179648K
  class space    used 8463K, committed 9280K, reserved 1048576K
}
Event: 1783.585 GC heap before
{Heap before GC invocations=1709 (full 5):
 PSYoungGen      total 2048K, used 1792K [0x00000007aab00000, 0x00000007aae00000, 0x0000000800000000)
  eden space 1536K, 100% used [0x00000007aab00000,0x00000007aac80000,0x00000007aac80000)
  from space 512K, 50% used [0x00000007aad00000,0x00000007aad40000,0x00000007aad80000)
  to   space 512K, 0% used [0x00000007aad80000,0x00000007aad80000,0x00000007aae00000)
 ParOldGen       total 600064K, used 133691K [0x0000000700000000, 0x0000000724a00000, 0x00000007aab00000)
  object space 600064K, 22% used [0x0000000700000000,0x000000070828ec20,0x0000000724a00000)
 Metaspace       used 84908K, committed 86656K, reserved 1179648K
  class space    used 8463K, committed 9280K, reserved 1048576K
}
Event: 1783.586 GC heap after
{Heap after GC invocations=1709 (full 5):
 PSYoungGen      total 2048K, used 320K [0x00000007aab00000, 0x00000007aae00000, 0x0000000800000000)
  eden space 1536K, 0% used [0x00000007aab00000,0x00000007aab00000,0x00000007aac80000)
  from space 512K, 62% used [0x00000007aad80000,0x00000007aadd0000,0x00000007aae00000)
  to   space 512K, 0% used [0x00000007aad00000,0x00000007aad00000,0x00000007aad80000)
 ParOldGen       total 600064K, used 133739K [0x0000000700000000, 0x0000000724a00000, 0x00000007aab00000)
  object space 600064K, 22% used [0x0000000700000000,0x000000070829ac20,0x0000000724a00000)
 Metaspace       used 84908K, committed 86656K, reserved 1179648K
  class space    used 8463K, committed 9280K, reserved 1048576K
}

Dll operation events (20 events):
Event: 0.180 Attempting to load shared library C:\Users\Lenovo\.vscode\extensions\redhat.java-1.56.0-win32-x64\jre\21.0.12.1-win32-x86_64\bin\instrument.dll
Event: 0.180 Loaded shared library C:\Users\Lenovo\.vscode\extensions\redhat.java-1.56.0-win32-x64\jre\21.0.12.1-win32-x86_64\bin\instrument.dll
Event: 0.196 Attempting to load shared library C:\Users\Lenovo\.vscode\extensions\redhat.java-1.56.0-win32-x64\jre\21.0.12.1-win32-x86_64\bin\net.dll
Event: 0.198 Loaded shared library C:\Users\Lenovo\.vscode\extensions\redhat.java-1.56.0-win32-x64\jre\21.0.12.1-win32-x86_64\bin\net.dll
Event: 0.201 Attempting to load shared library C:\Users\Lenovo\.vscode\extensions\redhat.java-1.56.0-win32-x64\jre\21.0.12.1-win32-x86_64\bin\nio.dll
Event: 0.201 Loaded shared library C:\Users\Lenovo\.vscode\extensions\redhat.java-1.56.0-win32-x64\jre\21.0.12.1-win32-x86_64\bin\nio.dll
Event: 0.207 Attempting to load shared library C:\Users\Lenovo\.vscode\extensions\redhat.java-1.56.0-win32-x64\jre\21.0.12.1-win32-x86_64\bin\zip.dll
Event: 0.207 Loaded shared library C:\Users\Lenovo\.vscode\extensions\redhat.java-1.56.0-win32-x64\jre\21.0.12.1-win32-x86_64\bin\zip.dll
Event: 0.241 Attempting to load shared library C:\Users\Lenovo\.vscode\extensions\redhat.java-1.56.0-win32-x64\jre\21.0.12.1-win32-x86_64\bin\jimage.dll
Event: 0.241 Loaded shared library C:\Users\Lenovo\.vscode\extensions\redhat.java-1.56.0-win32-x64\jre\21.0.12.1-win32-x86_64\bin\jimage.dll
Event: 0.525 Attempting to load shared library c:\Users\Lenovo\.vscode\extensions\redhat.java-1.56.0-win32-x64\jre\21.0.12.1-win32-x86_64\bin\verify.dll
Event: 0.526 Loaded shared library c:\Users\Lenovo\.vscode\extensions\redhat.java-1.56.0-win32-x64\jre\21.0.12.1-win32-x86_64\bin\verify.dll
Event: 5.516 Attempting to load shared library C:\Users\Lenovo\AppData\Roaming\Code\User\globalStorage\redhat.java\1.56.0\config_win\org.eclipse.equinox.launcher\org.eclipse.equinox.launcher.win32.win32.x86_64_1.3.100.v20260804-1928\eclipse_11924.dll
Event: 5.521 Loaded shared library C:\Users\Lenovo\AppData\Roaming\Code\User\globalStorage\redhat.java\1.56.0\config_win\org.eclipse.equinox.launcher\org.eclipse.equinox.launcher.win32.win32.x86_64_1.3.100.v20260804-1928\eclipse_11924.dll
Event: 11.345 Attempting to load shared library C:\Users\Lenovo\AppData\Local\Temp\jna--2022488749\jna1101591868180814619.dll
Event: 11.481 Loaded shared library C:\Users\Lenovo\AppData\Local\Temp\jna--2022488749\jna1101591868180814619.dll
Event: 18.312 Attempting to load shared library C:\Users\Lenovo\.vscode\extensions\redhat.java-1.56.0-win32-x64\jre\21.0.12.1-win32-x86_64\bin\sunmscapi.dll
Event: 18.360 Loaded shared library C:\Users\Lenovo\.vscode\extensions\redhat.java-1.56.0-win32-x64\jre\21.0.12.1-win32-x86_64\bin\sunmscapi.dll
Event: 18.778 Attempting to load shared library C:\Users\Lenovo\.vscode\extensions\redhat.java-1.56.0-win32-x64\jre\21.0.12.1-win32-x86_64\bin\extnet.dll
Event: 18.781 Loaded shared library C:\Users\Lenovo\.vscode\extensions\redhat.java-1.56.0-win32-x64\jre\21.0.12.1-win32-x86_64\bin\extnet.dll

Deoptimization events (20 events):
Event: 1622.468 Thread 0x00000216ee586bc0 Uncommon trap: trap_request=0xffffffbe fr.pc=0x0000021694e868b0 relative=0x00000000000002f0
Event: 1622.468 Thread 0x00000216ee586bc0 Uncommon trap: reason=profile_predicate action=maybe_recompile pc=0x0000021694e868b0 method=org.eclipse.jdt.internal.compiler.util.SimpleSetOfCharArray.asArray([Ljava/lang/Object;)V @ 34 c2
Event: 1622.468 Thread 0x00000216ee586bc0 DEOPT PACKING pc=0x0000021694e868b0 sp=0x00000042178fde10
Event: 1622.468 Thread 0x00000216ee586bc0 DEOPT UNPACKING pc=0x00000216938c3aa2 sp=0x00000042178fddd0 mode 2
Event: 1622.863 Thread 0x00000216ee586bc0 Uncommon trap: trap_request=0xffffffd6 fr.pc=0x000002169489c3f0 relative=0x0000000000001050
Event: 1622.863 Thread 0x00000216ee586bc0 Uncommon trap: reason=array_check action=maybe_recompile pc=0x000002169489c3f0 method=java.util.TimSort.mergeHi(IIII)V @ 250 c2
Event: 1622.863 Thread 0x00000216ee586bc0 DEOPT PACKING pc=0x000002169489c3f0 sp=0x00000042178fd980
Event: 1622.864 Thread 0x00000216ee586bc0 DEOPT UNPACKING pc=0x00000216938c3aa2 sp=0x00000042178fd938 mode 2
Event: 1622.929 Thread 0x00000216ee587250 Uncommon trap: trap_request=0xffffffd6 fr.pc=0x00000216942f8f2c relative=0x000000000000154c
Event: 1622.929 Thread 0x00000216ee587250 Uncommon trap: reason=array_check action=maybe_recompile pc=0x00000216942f8f2c method=java.util.TimSort.mergeHi(IIII)V @ 282 c2
Event: 1622.929 Thread 0x00000216ee587250 DEOPT PACKING pc=0x00000216942f8f2c sp=0x00000042179fd810
Event: 1622.929 Thread 0x00000216ee587250 DEOPT UNPACKING pc=0x00000216938c3aa2 sp=0x00000042179fd7f8 mode 2
Event: 1622.929 Thread 0x00000216ee587250 Uncommon trap: trap_request=0xffffffd6 fr.pc=0x00000216942f8f2c relative=0x000000000000154c
Event: 1622.929 Thread 0x00000216ee587250 Uncommon trap: reason=array_check action=maybe_recompile pc=0x00000216942f8f2c method=java.util.TimSort.mergeHi(IIII)V @ 282 c2
Event: 1622.929 Thread 0x00000216ee587250 DEOPT PACKING pc=0x00000216942f8f2c sp=0x00000042179fd810
Event: 1622.929 Thread 0x00000216ee587250 DEOPT UNPACKING pc=0x00000216938c3aa2 sp=0x00000042179fd7f8 mode 2
Event: 1768.688 Thread 0x00000216ee58db50 Uncommon trap: trap_request=0xffffff45 fr.pc=0x000002169506ca88 relative=0x0000000000000468
Event: 1768.689 Thread 0x00000216ee58db50 Uncommon trap: reason=unstable_if action=reinterpret pc=0x000002169506ca88 method=org.eclipse.core.internal.events.ResourceComparator.compareDerived(Lorg/eclipse/core/internal/resources/ResourceInfo;Lorg/eclipse/core/internal/resources/ResourceInfo;)Z @ 1
Event: 1768.689 Thread 0x00000216ee58db50 DEOPT PACKING pc=0x000002169506ca88 sp=0x00000042145fe620
Event: 1768.689 Thread 0x00000216ee58db50 DEOPT UNPACKING pc=0x00000216938c3aa2 sp=0x00000042145fe550 mode 2

Classes loaded (20 events):
Event: 487.691 Loading class jdk/internal/module/IllegalAccessLogger
Event: 487.691 Loading class jdk/internal/module/IllegalAccessLogger done
Event: 498.921 Loading class jdk/internal/module/IllegalAccessLogger
Event: 498.921 Loading class jdk/internal/module/IllegalAccessLogger done
Event: 500.270 Loading class jdk/internal/module/IllegalAccessLogger
Event: 500.270 Loading class jdk/internal/module/IllegalAccessLogger done
Event: 554.391 Loading class jdk/internal/module/IllegalAccessLogger
Event: 554.391 Loading class jdk/internal/module/IllegalAccessLogger done
Event: 554.443 Loading class jdk/internal/module/IllegalAccessLogger
Event: 554.443 Loading class jdk/internal/module/IllegalAccessLogger done
Event: 1156.681 Loading class jdk/internal/module/IllegalAccessLogger
Event: 1156.681 Loading class jdk/internal/module/IllegalAccessLogger done
Event: 1206.264 Loading class jdk/internal/module/IllegalAccessLogger
Event: 1206.264 Loading class jdk/internal/module/IllegalAccessLogger done
Event: 1207.335 Loading class jdk/internal/module/IllegalAccessLogger
Event: 1207.335 Loading class jdk/internal/module/IllegalAccessLogger done
Event: 1332.198 Loading class jdk/internal/module/IllegalAccessLogger
Event: 1332.199 Loading class jdk/internal/module/IllegalAccessLogger done
Event: 1571.479 Loading class java/nio/file/Path$1
Event: 1571.487 Loading class java/nio/file/Path$1 done

Classes unloaded (9 events):
Event: 13.068 Thread 0x00000216e6ac0d70 Unloading class 0x00000216a61ad400 'java/lang/invoke/LambdaForm$MH+0x00000216a61ad400'
Event: 13.068 Thread 0x00000216e6ac0d70 Unloading class 0x00000216a61ad000 'java/lang/invoke/LambdaForm$MH+0x00000216a61ad000'
Event: 13.068 Thread 0x00000216e6ac0d70 Unloading class 0x00000216a61acc00 'java/lang/invoke/LambdaForm$MH+0x00000216a61acc00'
Event: 13.068 Thread 0x00000216e6ac0d70 Unloading class 0x00000216a61ac800 'java/lang/invoke/LambdaForm$MH+0x00000216a61ac800'
Event: 13.068 Thread 0x00000216e6ac0d70 Unloading class 0x00000216a61ac400 'java/lang/invoke/LambdaForm$BMH+0x00000216a61ac400'
Event: 13.068 Thread 0x00000216e6ac0d70 Unloading class 0x00000216a61ac000 'java/lang/invoke/LambdaForm$DMH+0x00000216a61ac000'
Event: 13.068 Thread 0x00000216e6ac0d70 Unloading class 0x00000216a61aac00 'java/lang/invoke/LambdaForm$DMH+0x00000216a61aac00'
Event: 98.674 Thread 0x00000216e6ac0d70 Unloading class 0x00000216a67d4400 'java/lang/invoke/LambdaForm$DMH+0x00000216a67d4400'
Event: 98.674 Thread 0x00000216e6ac0d70 Unloading class 0x00000216a67d4800 'java/lang/invoke/LambdaForm$DMH+0x00000216a67d4800'

Classes redefined (0 events):
No events

Internal exceptions (20 events):
Event: 1157.492 Thread 0x00000216ecff35a0 Exception <a 'sun/nio/fs/WindowsException'{0x00000007aab1aec8}> (0x00000007aab1aec8) 
thrown [s\src\hotspot\share\prims\jni.cpp, line 520]
Event: 1159.512 Thread 0x00000216efbca260 Implicit null exception at 0x0000021695150c15 to 0x0000021695151eac
Event: 1207.285 Thread 0x00000216ecff35a0 Exception <a 'sun/nio/fs/WindowsException'{0x00000007aab728e0}> (0x00000007aab728e0) 
thrown [s\src\hotspot\share\prims\jni.cpp, line 520]
Event: 1207.541 Thread 0x00000216ecff35a0 Exception <a 'sun/nio/fs/WindowsException'{0x00000007aabcbb98}> (0x00000007aabcbb98) 
thrown [s\src\hotspot\share\prims\jni.cpp, line 520]
Event: 1332.253 Thread 0x00000216ecff35a0 Exception <a 'java/io/FileNotFoundException'{0x00000007aad28000}> (0x00000007aad28000) 
thrown [s\src\hotspot\share\prims\jni.cpp, line 520]
Event: 1332.501 Thread 0x00000216ecff35a0 Exception <a 'java/io/FileNotFoundException'{0x00000007aace31a0}> (0x00000007aace31a0) 
thrown [s\src\hotspot\share\prims\jni.cpp, line 520]
Event: 1332.541 Thread 0x00000216ecff35a0 Exception <a 'java/io/FileNotFoundException'{0x00000007aab4f2a8}> (0x00000007aab4f2a8) 
thrown [s\src\hotspot\share\prims\jni.cpp, line 520]
Event: 1334.377 Thread 0x00000216ecff35a0 Exception <a 'java/io/FileNotFoundException'{0x00000007aabd02d8}> (0x00000007aabd02d8) 
thrown [s\src\hotspot\share\prims\jni.cpp, line 520]
Event: 1349.392 Thread 0x00000216ee6062a0 Implicit null exception at 0x000002169515417a to 0x0000021695154340
Event: 1349.972 Thread 0x00000216ee5899b0 Exception <a 'java/io/FileNotFoundException'{0x00000007aab52718}> (0x00000007aab52718) 
thrown [s\src\hotspot\share\prims\jni.cpp, line 520]
Event: 1350.115 Thread 0x00000216ee5878e0 Exception <a 'java/io/FileNotFoundException'{0x00000007aab00cc8}> (0x00000007aab00cc8) 
thrown [s\src\hotspot\share\prims\jni.cpp, line 520]
Event: 1350.259 Thread 0x00000216ee5899b0 Exception <a 'java/io/FileNotFoundException'{0x00000007aab8f070}> (0x00000007aab8f070) 
thrown [s\src\hotspot\share\prims\jni.cpp, line 520]
Event: 1350.384 Thread 0x00000216ee5899b0 Exception <a 'java/io/FileNotFoundException'{0x00000007aac29f80}> (0x00000007aac29f80) 
thrown [s\src\hotspot\share\prims\jni.cpp, line 520]
Event: 1455.998 Thread 0x00000216ee609720 Exception <a 'sun/nio/fs/WindowsException'{0x00000007aab2d668}> (0x00000007aab2d668) 
thrown [s\src\hotspot\share\prims\jni.cpp, line 520]
Event: 1456.000 Thread 0x00000216ee609720 Exception <a 'sun/nio/fs/WindowsException'{0x00000007aab2e1d0}> (0x00000007aab2e1d0) 
thrown [s\src\hotspot\share\prims\jni.cpp, line 520]
Event: 1571.477 Thread 0x00000216ee609720 Exception <a 'sun/nio/fs/WindowsException'{0x00000007aac1a330}> (0x00000007aac1a330) 
thrown [s\src\hotspot\share\prims\jni.cpp, line 520]
Event: 1571.478 Thread 0x00000216ee609720 Exception <a 'sun/nio/fs/WindowsException'{0x00000007aac1a998}> (0x00000007aac1a998) 
thrown [s\src\hotspot\share\prims\jni.cpp, line 520]
Event: 1580.981 Thread 0x00000216ee609720 Exception <a 'sun/nio/fs/WindowsException'{0x00000007aabe67a8}> (0x00000007aabe67a8) 
thrown [s\src\hotspot\share\prims\jni.cpp, line 520]
Event: 1768.662 Thread 0x00000216ee58db50 Exception <a 'sun/nio/fs/WindowsException'{0x00000007aab3a2c0}> (0x00000007aab3a2c0) 
thrown [s\src\hotspot\share\prims\jni.cpp, line 520]
Event: 1768.662 Thread 0x00000216ee58db50 Exception <a 'sun/nio/fs/WindowsException'{0x00000007aab3abc0}> (0x00000007aab3abc0) 
thrown [s\src\hotspot\share\prims\jni.cpp, line 520]

ZGC Phase Switch (0 events):
No events

VM Operations (20 events):
Event: 1624.937 Executing safepoint VM operation: Cleanup
Event: 1624.937 Executing safepoint VM operation: Cleanup done
Event: 1718.304 Executing safepoint VM operation: ParallelGCFailedAllocation (Allocation Failure)
Event: 1718.308 Executing safepoint VM operation: ParallelGCFailedAllocation (Allocation Failure) done
Event: 1768.713 Executing safepoint VM operation: Cleanup
Event: 1768.713 Executing safepoint VM operation: Cleanup done
Event: 1769.720 Executing safepoint VM operation: Cleanup
Event: 1769.721 Executing safepoint VM operation: Cleanup done
Event: 1783.070 Executing safepoint VM operation: ParallelGCFailedAllocation (Allocation Failure)
Event: 1783.073 Executing safepoint VM operation: ParallelGCFailedAllocation (Allocation Failure) done
Event: 1783.319 Executing safepoint VM operation: ParallelGCFailedAllocation (Allocation Failure)
Event: 1783.322 Executing safepoint VM operation: ParallelGCFailedAllocation (Allocation Failure) done
Event: 1783.449 Executing safepoint VM operation: ParallelGCFailedAllocation (Allocation Failure)
Event: 1783.452 Executing safepoint VM operation: ParallelGCFailedAllocation (Allocation Failure) done
Event: 1783.585 Executing safepoint VM operation: ParallelGCFailedAllocation (Allocation Failure)
Event: 1783.586 Executing safepoint VM operation: ParallelGCFailedAllocation (Allocation Failure) done
Event: 1784.587 Executing safepoint VM operation: Cleanup
Event: 1784.587 Executing safepoint VM operation: Cleanup done
Event: 1808.763 Executing safepoint VM operation: Cleanup
Event: 1808.763 Executing safepoint VM operation: Cleanup done

Memory protections (0 events):
No events

Nmethod flushes (20 events):
Event: 1205.646 Thread 0x00000216e6ac0d70 flushing  nmethod 0x000002168dfee510
Event: 1205.646 Thread 0x00000216e6ac0d70 flushing  nmethod 0x000002168e007690
Event: 1205.646 Thread 0x00000216e6ac0d70 flushing  nmethod 0x000002168e010690
Event: 1205.646 Thread 0x00000216e6ac0d70 flushing  nmethod 0x000002168e076690
Event: 1205.646 Thread 0x00000216e6ac0d70 flushing  nmethod 0x000002168e0e4690
Event: 1205.646 Thread 0x00000216e6ac0d70 flushing  nmethod 0x000002168e157f10
Event: 1205.646 Thread 0x00000216e6ac0d70 flushing  nmethod 0x000002168e17c290
Event: 1205.646 Thread 0x00000216e6ac0d70 flushing  nmethod 0x000002168e18b690
Event: 1205.646 Thread 0x00000216e6ac0d70 flushing  nmethod 0x000002168e23eb90
Event: 1205.646 Thread 0x00000216e6ac0d70 flushing  nmethod 0x000002168e24ef90
Event: 1205.646 Thread 0x00000216e6ac0d70 flushing  nmethod 0x000002168e2a3a90
Event: 1205.647 Thread 0x00000216e6ac0d70 flushing  nmethod 0x000002168e2f6910
Event: 1205.647 Thread 0x00000216e6ac0d70 flushing  nmethod 0x000002168e4dc610
Event: 1205.647 Thread 0x00000216e6ac0d70 flushing  nmethod 0x000002168e534990
Event: 1205.647 Thread 0x00000216e6ac0d70 flushing  nmethod 0x000002168e537790
Event: 1205.647 Thread 0x00000216e6ac0d70 flushing  nmethod 0x000002168e53ed90
Event: 1205.647 Thread 0x00000216e6ac0d70 flushing osr nmethod 0x000002168e56c310
Event: 1205.647 Thread 0x00000216e6ac0d70 flushing  nmethod 0x000002168e5d4690
Event: 1205.647 Thread 0x00000216e6ac0d70 flushing  nmethod 0x000002168e5e3490
Event: 1205.647 Thread 0x00000216e6ac0d70 flushing  nmethod 0x000002168e5e6190

Events (20 events):
Event: 1506.043 Thread 0x00000216ee60a440 Thread exited: 0x00000216ee60a440
Event: 1506.044 Thread 0x00000216ee604860 Thread exited: 0x00000216ee604860
Event: 1506.044 Thread 0x00000216ee609090 Thread exited: 0x00000216ee609090
Event: 1506.046 Thread 0x00000216ee603b40 Thread exited: 0x00000216ee603b40
Event: 1506.046 Thread 0x00000216ee606930 Thread exited: 0x00000216ee606930
Event: 1506.047 Thread 0x00000216ee60aad0 Thread exited: 0x00000216ee60aad0
Event: 1506.047 Thread 0x00000216ee607650 Thread exited: 0x00000216ee607650
Event: 1506.047 Thread 0x00000216ee605580 Thread exited: 0x00000216ee605580
Event: 1507.331 Thread 0x00000216ee609db0 Thread exited: 0x00000216ee609db0
Event: 1632.075 Thread 0x00000216ee604ef0 Thread exited: 0x00000216ee604ef0
Event: 1650.901 Thread 0x00000216ee5878e0 Thread exited: 0x00000216ee5878e0
Event: 1681.170 Thread 0x00000216ee609720 Thread exited: 0x00000216ee609720
Event: 1681.171 Thread 0x00000216ee58c7a0 Thread exited: 0x00000216ee58c7a0
Event: 1683.232 Thread 0x00000216ee587250 Thread exited: 0x00000216ee587250
Event: 1768.655 Thread 0x00000216ee58db50 Thread added: 0x00000216ee587250
Event: 1768.657 Thread 0x00000216ee587250 Thread exited: 0x00000216ee587250
Event: 1768.665 Thread 0x00000216ee58db50 Thread added: 0x00000216ee587250
Event: 1768.666 Thread 0x00000216ee587250 Thread exited: 0x00000216ee587250
Event: 1778.464 Thread 0x00000216ee586bc0 Thread exited: 0x00000216ee586bc0
Event: 1783.671 Thread 0x00000216ee58db50 Thread added: 0x00000216ee586bc0


Dynamic libraries:
0x00007ff6ca3c0000 - 0x00007ff6ca3ce000 	c:\Users\Lenovo\.vscode\extensions\redhat.java-1.56.0-win32-x64\jre\21.0.12.1-win32-x86_64\bin\java.exe
0x00007ffe5cee0000 - 0x00007ffe5d147000 	C:\WINDOWS\SYSTEM32\ntdll.dll
0x00007ffe5b6a0000 - 0x00007ffe5b76b000 	C:\WINDOWS\System32\KERNEL32.DLL
0x00007ffe5a1a0000 - 0x00007ffe5a5a2000 	C:\WINDOWS\System32\KERNELBASE.dll
0x00007ffe5aaa0000 - 0x00007ffe5abec000 	C:\WINDOWS\System32\ucrtbase.dll
0x00007ffdfd0c0000 - 0x00007ffdfd0d8000 	c:\Users\Lenovo\.vscode\extensions\redhat.java-1.56.0-win32-x64\jre\21.0.12.1-win32-x86_64\bin\jli.dll
0x00007ffe5ca10000 - 0x00007ffe5cbdf000 	C:\WINDOWS\System32\USER32.dll
0x00007ffe5a170000 - 0x00007ffe5a197000 	C:\WINDOWS\System32\win32u.dll
0x00007ffe5c210000 - 0x00007ffe5c23b000 	C:\WINDOWS\System32\GDI32.dll
0x00007ffe5a670000 - 0x00007ffe5a799000 	C:\WINDOWS\System32\gdi32full.dll
0x00007ffe5a9f0000 - 0x00007ffe5aa93000 	C:\WINDOWS\System32\msvcp_win.dll
0x00007ffdfd050000 - 0x00007ffdfd06e000 	c:\Users\Lenovo\.vscode\extensions\redhat.java-1.56.0-win32-x64\jre\21.0.12.1-win32-x86_64\bin\VCRUNTIME140.dll
0x00007ffe35260000 - 0x00007ffe354f0000 	C:\WINDOWS\WinSxS\amd64_microsoft.windows.common-controls_6595b64144ccf1df_6.0.26100.9278_none_3e0d1ba8e3303201\COMCTL32.dll
0x00007ffe5cbf0000 - 0x00007ffe5cc99000 	C:\WINDOWS\System32\msvcrt.dll
0x00007ffe5b770000 - 0x00007ffe5b7a1000 	C:\WINDOWS\System32\IMM32.DLL
0x00007ffe31f80000 - 0x00007ffe31f8c000 	c:\Users\Lenovo\.vscode\extensions\redhat.java-1.56.0-win32-x64\jre\21.0.12.1-win32-x86_64\bin\vcruntime140_1.dll
0x00007ffdee6b0000 - 0x00007ffdee73d000 	c:\Users\Lenovo\.vscode\extensions\redhat.java-1.56.0-win32-x64\jre\21.0.12.1-win32-x86_64\bin\msvcp140.dll
0x00007ffda9210000 - 0x00007ffda9fb2000 	c:\Users\Lenovo\.vscode\extensions\redhat.java-1.56.0-win32-x64\jre\21.0.12.1-win32-x86_64\bin\server\jvm.dll
0x00007ffe5aeb0000 - 0x00007ffe5af6c000 	C:\WINDOWS\System32\ADVAPI32.dll
0x00007ffe5c160000 - 0x00007ffe5c209000 	C:\WINDOWS\System32\sechost.dll
0x00007ffe5b570000 - 0x00007ffe5b688000 	C:\WINDOWS\System32\RPCRT4.dll
0x00007ffe5b4e0000 - 0x00007ffe5b560000 	C:\WINDOWS\System32\WS2_32.dll
0x00007ffe59960000 - 0x00007ffe599be000 	C:\WINDOWS\SYSTEM32\POWRPROF.dll
0x00007ffe51600000 - 0x00007ffe51636000 	C:\WINDOWS\SYSTEM32\WINMM.dll
0x00007ffe4f3c0000 - 0x00007ffe4f3cb000 	C:\WINDOWS\SYSTEM32\VERSION.dll
0x00007ffe59630000 - 0x00007ffe59645000 	C:\WINDOWS\SYSTEM32\UMPDC.dll
0x00007ffe58890000 - 0x00007ffe588ab000 	C:\WINDOWS\SYSTEM32\kernel.appcore.dll
0x00007ffe2d0f0000 - 0x00007ffe2d0fa000 	c:\Users\Lenovo\.vscode\extensions\redhat.java-1.56.0-win32-x64\jre\21.0.12.1-win32-x86_64\bin\jimage.dll
0x00007ffe572a0000 - 0x00007ffe574ec000 	C:\WINDOWS\SYSTEM32\DBGHELP.DLL
0x00007ffe5c420000 - 0x00007ffe5c7a5000 	C:\WINDOWS\System32\combase.dll
0x00007ffe5c7b0000 - 0x00007ffe5c889000 	C:\WINDOWS\System32\OLEAUT32.dll
0x00007ffe27c70000 - 0x00007ffe27cab000 	C:\WINDOWS\SYSTEM32\dbgcore.DLL
0x00007ffe5a7a0000 - 0x00007ffe5a84c000 	C:\WINDOWS\System32\bcryptPrimitives.dll
0x00007ffe1b9e0000 - 0x00007ffe1b9ef000 	c:\Users\Lenovo\.vscode\extensions\redhat.java-1.56.0-win32-x64\jre\21.0.12.1-win32-x86_64\bin\instrument.dll
0x00007ffdef020000 - 0x00007ffdef040000 	c:\Users\Lenovo\.vscode\extensions\redhat.java-1.56.0-win32-x64\jre\21.0.12.1-win32-x86_64\bin\java.dll
0x00007ffe5b9b0000 - 0x00007ffe5c148000 	C:\WINDOWS\System32\SHELL32.dll
0x00007ffe575e0000 - 0x00007ffe57e8e000 	C:\WINDOWS\SYSTEM32\windows.storage.dll
0x00007ffe5b7b0000 - 0x00007ffe5b8ab000 	C:\WINDOWS\System32\SHCORE.dll
0x00007ffe5c9a0000 - 0x00007ffe5ca06000 	C:\WINDOWS\System32\shlwapi.dll
0x00007ffe5a000000 - 0x00007ffe5a029000 	C:\WINDOWS\SYSTEM32\profapi.dll
0x00007ffdef000000 - 0x00007ffdef018000 	c:\Users\Lenovo\.vscode\extensions\redhat.java-1.56.0-win32-x64\jre\21.0.12.1-win32-x86_64\bin\zip.dll
0x00007ffe1b9a0000 - 0x00007ffe1b9b0000 	C:\Users\Lenovo\.vscode\extensions\redhat.java-1.56.0-win32-x64\jre\21.0.12.1-win32-x86_64\bin\net.dll
0x00007ffe4e6f0000 - 0x00007ffe4e81a000 	C:\WINDOWS\SYSTEM32\WINHTTP.dll
0x00007ffe58e60000 - 0x00007ffe58ecc000 	C:\WINDOWS\system32\mswsock.dll
0x00007ffdeefe0000 - 0x00007ffdeeff6000 	C:\Users\Lenovo\.vscode\extensions\redhat.java-1.56.0-win32-x64\jre\21.0.12.1-win32-x86_64\bin\nio.dll
0x00007ffe1b290000 - 0x00007ffe1b2a0000 	c:\Users\Lenovo\.vscode\extensions\redhat.java-1.56.0-win32-x64\jre\21.0.12.1-win32-x86_64\bin\verify.dll
0x00007ffdee260000 - 0x00007ffdee2a5000 	C:\Users\Lenovo\AppData\Roaming\Code\User\globalStorage\redhat.java\1.56.0\config_win\org.eclipse.equinox.launcher\org.eclipse.equinox.launcher.win32.win32.x86_64_1.3.100.v20260804-1928\eclipse_11924.dll
0x00007ffe5ad10000 - 0x00007ffe5aeaa000 	C:\WINDOWS\System32\ole32.dll
0x00007ffe59170000 - 0x00007ffe5918b000 	C:\WINDOWS\SYSTEM32\CRYPTSP.dll
0x00007ffe587f0000 - 0x00007ffe58829000 	C:\WINDOWS\system32\rsaenh.dll
0x00007ffe58f10000 - 0x00007ffe58f44000 	C:\WINDOWS\SYSTEM32\USERENV.dll
0x00007ffe59fd0000 - 0x00007ffe59ffa000 	C:\WINDOWS\SYSTEM32\bcrypt.dll
0x00007ffe59190000 - 0x00007ffe5919c000 	C:\WINDOWS\SYSTEM32\CRYPTBASE.dll
0x00007ffe58230000 - 0x00007ffe58263000 	C:\WINDOWS\SYSTEM32\IPHLPAPI.DLL
0x00007ffe5c150000 - 0x00007ffe5c15a000 	C:\WINDOWS\System32\NSI.dll
0x00007ffe43b70000 - 0x00007ffe43bb9000 	C:\Users\Lenovo\AppData\Local\Temp\jna--2022488749\jna1101591868180814619.dll
0x00007ffe5cca0000 - 0x00007ffe5cca8000 	C:\WINDOWS\System32\PSAPI.DLL
0x00007ffe4ec30000 - 0x00007ffe4ec4d000 	C:\WINDOWS\SYSTEM32\dhcpcsvc6.DLL
0x00007ffe4ec00000 - 0x00007ffe4ec25000 	C:\WINDOWS\SYSTEM32\dhcpcsvc.DLL
0x00007ffe59a70000 - 0x00007ffe59a7e000 	C:\Users\Lenovo\.vscode\extensions\redhat.java-1.56.0-win32-x64\jre\21.0.12.1-win32-x86_64\bin\sunmscapi.dll
0x00007ffe5a860000 - 0x00007ffe5a9de000 	C:\WINDOWS\System32\CRYPT32.dll
0x00007ffe594b0000 - 0x00007ffe594e0000 	C:\WINDOWS\SYSTEM32\ncrypt.dll
0x00007ffe59380000 - 0x00007ffe593bf000 	C:\WINDOWS\SYSTEM32\NTASN1.dll
0x00007ffe582c0000 - 0x00007ffe58418000 	C:\WINDOWS\SYSTEM32\DNSAPI.dll
0x00007ffe58c30000 - 0x00007ffe58c3d000 	C:\WINDOWS\SYSTEM32\DSPARSE.dll
0x00007ffe4f390000 - 0x00007ffe4f39b000 	C:\Windows\System32\rasadhlp.dll
0x00007ffe43e70000 - 0x00007ffe43ef6000 	C:\WINDOWS\System32\fwpuclnt.dll
0x00007ffe51490000 - 0x00007ffe51499000 	C:\Users\Lenovo\.vscode\extensions\redhat.java-1.56.0-win32-x64\jre\21.0.12.1-win32-x86_64\bin\extnet.dll

JVMTI agents:
c:\Users\Lenovo\.vscode\extensions\redhat.java-1.56.0-win32-x64\lombok\lombok-1.18.39-4050.jar path:c:\Users\Lenovo\.vscode\extensions\redhat.java-1.56.0-win32-x64\jre\21.0.12.1-win32-x86_64\bin\instrument.dll, loaded, initialized, instrumentlib options:none

dbghelp: loaded successfully - version: 4.0.5 - missing functions: none
symbol engine: initialized successfully - sym options: 0x614 - pdb path: .;c:\Users\Lenovo\.vscode\extensions\redhat.java-1.56.0-win32-x64\jre\21.0.12.1-win32-x86_64\bin;C:\WINDOWS\SYSTEM32;C:\WINDOWS\WinSxS\amd64_microsoft.windows.common-controls_6595b64144ccf1df_6.0.26100.9278_none_3e0d1ba8e3303201;c:\Users\Lenovo\.vscode\extensions\redhat.java-1.56.0-win32-x64\jre\21.0.12.1-win32-x86_64\bin\server;C:\Users\Lenovo\AppData\Roaming\Code\User\globalStorage\redhat.java\1.56.0\config_win\org.eclipse.equinox.launcher\org.eclipse.equinox.launcher.win32.win32.x86_64_1.3.100.v20260804-1928;C:\Users\Lenovo\AppData\Local\Temp\jna--2022488749

VM Arguments:
jvm_args: --add-modules=ALL-SYSTEM --add-opens=java.base/java.util=ALL-UNNAMED --add-opens=java.base/java.lang=ALL-UNNAMED --add-opens=java.base/sun.nio.fs=ALL-UNNAMED -Declipse.application=org.eclipse.jdt.ls.core.id1 -Dosgi.bundles.defaultStartLevel=4 -Declipse.product=org.eclipse.jdt.ls.core.product -Djava.import.generatesMetadataFilesAtProjectRoot=false -Dm2e.project.cache.size=50 -DDetectVMInstallationsJob.disabled=true -Dfile.encoding=utf8 -XX:+UseParallelGC -XX:GCTimeRatio=4 -XX:AdaptiveSizePolicyWeight=90 -Dsun.zip.disableMemoryMapping=true -Xmx4G -Xms100m -Xlog:disable -javaagent:c:\Users\Lenovo\.vscode\extensions\redhat.java-1.56.0-win32-x64\lombok\lombok-1.18.39-4050.jar -XX:+HeapDumpOnOutOfMemoryError -XX:HeapDumpPath=c:\Users\Lenovo\AppData\Roaming\Code\User\workspaceStorage\8a207a3003c24e2dc76085cb68e18ef0\redhat.java -Daether.dependencyCollector.impl=bf 
java_command: c:\Users\Lenovo\.vscode\extensions\redhat.java-1.56.0-win32-x64\server\plugins\org.eclipse.equinox.launcher_1.8.0.v20260804-1928.jar -configuration c:\Users\Lenovo\AppData\Roaming\Code\User\globalStorage\redhat.java\1.56.0\config_win -data c:\Users\Lenovo\AppData\Roaming\Code\User\workspaceStorage\8a207a3003c24e2dc76085cb68e18ef0\redhat.java\jdt_ws --stdio
java_class_path (initial): c:\Users\Lenovo\.vscode\extensions\redhat.java-1.56.0-win32-x64\server\plugins\org.eclipse.equinox.launcher_1.8.0.v20260804-1928.jar
Launcher Type: SUN_STANDARD

[Global flags]
    uintx AdaptiveSizePolicyWeight                 = 90                                        {product} {command line}
     intx CICompilerCount                          = 4                                         {product} {ergonomic}
    uintx GCTimeRatio                              = 4                                         {product} {command line}
     bool HeapDumpOnOutOfMemoryError               = true                                   {manageable} {command line}
    ccstr HeapDumpPath                             = c:\Users\Lenovo\AppData\Roaming\Code\User\workspaceStorage\8a207a3003c24e2dc76085cb68e18ef0\redhat.java         {manageable} {command line}
   size_t InitialHeapSize                          = 104857600                                 {product} {command line}
   size_t MaxHeapSize                              = 4294967296                                {product} {command line}
   size_t MaxNewSize                               = 1431306240                                {product} {ergonomic}
   size_t MinHeapDeltaBytes                        = 524288                                    {product} {ergonomic}
   size_t MinHeapSize                              = 104857600                                 {product} {command line}
   size_t NewSize                                  = 34603008                                  {product} {ergonomic}
    uintx NonNMethodCodeHeapSize                   = 5839372                                {pd product} {ergonomic}
    uintx NonProfiledCodeHeapSize                  = 122909434                              {pd product} {ergonomic}
   size_t OldSize                                  = 70254592                                  {product} {ergonomic}
    uintx ProfiledCodeHeapSize                     = 122909434                              {pd product} {ergonomic}
    uintx ReservedCodeCacheSize                    = 251658240                              {pd product} {ergonomic}
     bool SegmentedCodeCache                       = true                                      {product} {ergonomic}
   size_t SoftMaxHeapSize                          = 4294967296                             {manageable} {ergonomic}
     bool UseCompressedOops                        = true                           {product lp64_product} {ergonomic}
     bool UseLargePagesIndividualAllocation        = false                                  {pd product} {ergonomic}
     bool UseParallelGC                            = true                                      {product} {command line}

Logging:
Log output configuration:
 #0: stdout all=off uptime,level,tags foldmultilines=false
 #1: stderr all=off uptime,level,tags foldmultilines=false

Release file:
JAVA_VERSION="21.0.12.1" 
MODULES="java.base java.compiler java.datatransfer java.xml java.prefs java.desktop java.instrument java.logging java.management java.security.sasl java.naming java.rmi java.management.rmi java.net.http java.scripting java.security.jgss java.transaction.xa java.sql java.sql.rowset java.xml.crypto java.se java.smartcardio jdk.accessibility jdk.internal.jvmstat jdk.attach jdk.charsets jdk.internal.opt jdk.zipfs jdk.compiler jdk.crypto.ec jdk.crypto.cryptoki jdk.crypto.mscapi jdk.dynalink jdk.internal.ed jdk.editpad jdk.hotspot.agent jdk.httpserver jdk.internal.le jdk.internal.vm.ci jdk.internal.vm.compiler jdk.internal.vm.compiler.management jdk.jartool jdk.javadoc jdk.jcmd jdk.management jdk.management.agent jdk.jconsole jdk.jdeps jdk.jdwp.agent jdk.jdi jdk.jfr jdk.jshell jdk.jsobject jdk.jstatd jdk.localedata jdk.management.jfr jdk.naming.dns jdk.naming.rmi jdk.net jdk.nio.mapmode jdk.random jdk.sctp jdk.security.auth jdk.security.jgss jdk.unsupported jdk.unsupported.desktop jdk.xml.dom" 

Environment Variables:
JAVA_HOME=C:\Program Files\Java\jdk-21.0.11
PATH=C:\WINDOWS\system32;C:\WINDOWS;C:\WINDOWS\System32\Wbem;C:\WINDOWS\System32\WindowsPowerShell\v1.0\;C:\WINDOWS\System32\OpenSSH\;C:\Program Files (x86)\NVIDIA Corporation\PhysX\Common;C:\Program Files\NVIDIA Corporation\NVIDIA NvDLISR;C:\laragon\bin\php\php-8.3.26-Win32-vs16-x64;C:\laragon;C:\Program Files\;D:\APLIKASI\Git\cmd;C:\Program Files\Java\jdk-21.0.11\bin;C:\Program Files\Microsoft SQL Server\170\Tools\Binn\;C:\Users\Lenovo\.local\bin;C:\Users\Lenovo\AppData\Local\Microsoft\WindowsApps;C:\Users\Lenovo\AppData\Local\Programs\Microsoft VS Code\bin;C:\Users\Lenovo\AppData\Roaming\Composer\vendor\bin;C:\Users\Lenovo\AppData\Roaming\npm;C:\Users\Lenovo\AppData\Local\Python\bin;C:\Users\Lenovo\AppData\Local\Programs\Antigravity IDE\bin;C:\Users\Lenovo\AppData\Local\Programs\Kiro\bin
USERNAME=Lenovo
OS=Windows_NT
PROCESSOR_IDENTIFIER=Intel64 Family 6 Model 151 Stepping 2, GenuineIntel
TMP=C:\Users\Lenovo\AppData\Local\Temp
TEMP=C:\Users\Lenovo\AppData\Local\Temp




Periodic native trim disabled

---------------  S Y S T E M  ---------------

OS:
 Windows 11 , 64 bit Build 26100 (10.0.26100.9444)
OS uptime: 0 days 11:04 hours
Hyper-V role detected

CPU: total 12 (initial active 12) (6 cores per cpu, 2 threads per core) family 6 model 151 stepping 2 microcode 0x3a, cx8, cmov, fxsr, ht, mmx, 3dnowpref, sse, sse2, sse3, ssse3, sse4.1, sse4.2, popcnt, lzcnt, tsc, tscinvbit, avx, avx2, aes, erms, clmul, bmi1, bmi2, adx, sha, fma, vzeroupper, clflush, clflushopt, clwb, hv, serialize, rdtscp, rdpid, fsrm, f16c, cet_ibt, cet_ss
Processor Information for processor 0
  Max Mhz: 2400, Current Mhz: 2400, Mhz Limit: 2400
Processor Information for processor 1
  Max Mhz: 2400, Current Mhz: 2400, Mhz Limit: 2400
Processor Information for processor 2
  Max Mhz: 2400, Current Mhz: 2400, Mhz Limit: 2400
Processor Information for processor 3
  Max Mhz: 2400, Current Mhz: 2400, Mhz Limit: 2400
Processor Information for processor 4
  Max Mhz: 2400, Current Mhz: 2400, Mhz Limit: 2400
Processor Information for processor 5
  Max Mhz: 2400, Current Mhz: 2400, Mhz Limit: 2400
Processor Information for processor 6
  Max Mhz: 2400, Current Mhz: 2400, Mhz Limit: 2400
Processor Information for processor 7
  Max Mhz: 2400, Current Mhz: 2400, Mhz Limit: 2400
Processor Information for processor 8
  Max Mhz: 2400, Current Mhz: 2400, Mhz Limit: 2400
Processor Information for processor 9
  Max Mhz: 2400, Current Mhz: 2400, Mhz Limit: 2400
Processor Information for processor 10
  Max Mhz: 2400, Current Mhz: 1466, Mhz Limit: 2400
Processor Information for processor 11
  Max Mhz: 2400, Current Mhz: 2400, Mhz Limit: 2400

Memory: 4k page, system-wide physical 11995M (559M free)
TotalPageFile size 48859M (AvailPageFile size 3M)
current process WorkingSet (physical memory assigned to process): 110M, peak: 468M
current process commit charge ("private bytes"): 1036M, peak: 1041M

vm_info: OpenJDK 64-Bit Server VM (21.0.12.1+1-LTS) for windows-amd64 JRE (21.0.12.1+1-LTS), built on 2026-08-18T00:00:00Z by "admin" with MS VC++ 17.12 (VS2022)

END.
